Vercel CLI 59.5.0 (Node.js 24.12.0)
Deploying bullseye-genlayer
Uploading [--------------------] (0.0B/7.9KB)
Uploading [===============-----] (6.0KB/7.9KB)
Uploading [==================--] (7.2KB/7.9KB)
Uploading [====================] (7.9KB/7.9KB)
  Inspect         https://vercel.com/wattxs-projects/bullseye-genlayer/5j8ekeq2RSbAaPNB8iqt7daVEmwF
  Preview         https://bullseye-genlayer-rkxo52yxi-wattxs-projects.vercel.app
Building…
Building…
Running build in Washington, D.C., USA (East) – iad1
Build machine configuration: 2 cores, 8 GB
Retrieving list of deployment files...
Downloading 29 deployment files...
Restored build cache from previous deployment (FvC9W6GNSz8AD8hD7TT3iHnN45up)
Running "vercel build"
Vercel CLI 62.0.0
Installing dependencies...
up to date in 1s
156 packages are looking for funding
run `npm fund` for details
npm warn install-scripts 2 packages have install scripts not yet covered by allowScripts:
npm warn install-scripts   esbuild@0.25.12 (postinstall: node install.js)
npm warn install-scripts   unrs-resolver@1.12.2 (postinstall: node postinstall.js)
npm warn install-scripts
npm warn install-scripts Run `npm install-scripts ls` to review, or `npm install-scripts approve <pkg>` to allow.
Detected Next.js version: 16.3.8
Running "npm run build"
> bullseye@0.1.0 build
> next build
▲ Next.js 16.3.8 (Turbopack)
Applying modifyConfig from Vercel
✓ Running next.config.ts took 197ms
Creating an optimized production build ...
✓ Compiled successfully in 998ms
Running TypeScript ...
Finished TypeScript in 4.5s ...
Collecting page data using 1 worker ...
Generating static pages using 1 worker (0/7) ...
Generating static pages using 1 worker (1/7)
Generating static pages using 1 worker (3/7)
Generating static pages using 1 worker (5/7)
✓ Generating static pages using 1 worker (7/7) in 309ms
Finalizing page optimization ...
Running onBuildComplete from Vercel
Route (app)
┌ ○ /
├ ○ /_not-found
├ ƒ /api/league
├ ƒ /api/live
├ ƒ /api/protocol
├ ƒ /api/synthetic-evidence
├ ○ /create
├ ○ /league
├ ○ /predictions
├ ƒ /rounds/[id]
└ ƒ /rounds/[id]/result
○  (Static)   prerendered as static content
ƒ  (Dynamic)  server-rendered on demand
Build Completed in /vercel/output [11s]
Deploying outputs...
[2K[1A[2K[G  Preview         https://bullseye-genlayer-rkxo52yxi-wattxs-projects.vercel.app
Completing…
{
  "status": "ok",
  "deployment": {
    "id": "dpl_5j8ekeq2RSbAaPNB8iqt7daVEmwF",
    "url": "https://bullseye-genlayer-rkxo52yxi-wattxs-projects.vercel.app",
    "inspectorUrl": "https://vercel.com/wattxs-projects/bullseye-genlayer/5j8ekeq2RSbAaPNB8iqt7daVEmwF",
    "readyState": "READY",
    "target": null,
    "deploymentApiUrl": "https://api.vercel.com/v13/deployments/dpl_5j8ekeq2RSbAaPNB8iqt7daVEmwF"
  },
  "message": "Deployment bullseye-genlayer-rkxo52yxi-wattxs-projects.vercel.app ready.",
  "next": [
    {
      "command": "vercel curl https://bullseye-genlayer-rkxo52yxi-wattxs-projects.vercel.app",
      "when": "Verify deployment, including when Deployment Protection is enabled"
    },
    {
      "command": "vercel inspect bullseye-genlayer-rkxo52yxi-wattxs-projects.vercel.app --cwd release-preview",
      "when": "Inspect deployment"
    },
    {
      "command": "vercel deploy --prod --cwd release-preview",
      "when": "Promote to production"
    }
  ]
}
