Vercel CLI 59.5.0 (Node.js 24.12.0)
The "--name" option is deprecated (https://vercel.link/name-flag)
Loading teams…

  Directory       ~\Desktop\Genlayer apps\bullseye\release-preview

Searching for existing projects…
  Local settings detected in vercel.json:
  Build Command: npm run build
  Framework: nextjs
  Merging default Project Settings for Next.js. Previously listed overrides are prioritized.

  Detected Next.js (Build Command: next build, Output Directory: Next.js default)

✓ Created         wattxs-projects/bullseye-genlayer
Deploying wattxs-projects/bullseye-genlayer
Uploading [--------------------] (0.0B/308.4KB)
Uploading [=====---------------] (78.2KB/308.4KB)
Uploading [==========----------] (158.2KB/308.4KB)
Uploading [===============-----] (238.2KB/308.4KB)
Uploading [====================] (308.4KB/308.4KB)
  Inspect         https://vercel.com/wattxs-projects/bullseye-genlayer/FvC9W6GNSz8AD8hD7TT3iHnN45up
  Production      https://bullseye-genlayer-bwkmzyfyf-wattxs-projects.vercel.app
Building…
Building…
Running build in Washington, D.C., USA (East) – iad1
Build machine configuration: 2 cores, 8 GB
Retrieving list of deployment files...
Previous build caches not available.
Downloading 29 deployment files...
Running "vercel build"
Vercel CLI 62.0.0
Installing dependencies...
npm warn deprecated eslint@9.38.0: This version is no longer supported. Please see https://eslint.org/version-support for other options.
added 375 packages in 16s
156 packages are looking for funding
run `npm fund` for details
npm warn install-scripts 2 packages have install scripts not yet covered by allowScripts:
npm warn install-scripts   esbuild@0.25.12 (postinstall: node install.js)
npm warn install-scripts   unrs-resolver@1.12.2 (postinstall: node postinstall.js)
npm warn install-scripts
npm warn install-scripts Run `npm install-scripts ls` to review, or `npm install-scripts approve <pkg>` to allow.
Detected Next.js version: 16.3.8
Running "npm run build"
> bullseye@0.1.0 build
> next build
▲ Next.js 16.3.8 (Turbopack)
Applying modifyConfig from Vercel
✓ Running next.config.ts took 153ms
Attention: Next.js now collects completely anonymous telemetry regarding usage.
This information is used to shape Next.js' roadmap and prioritize features.
You can learn more, including how to opt-out if you'd not like to participate in this anonymous program, by visiting the following URL:
https://nextjs.org/telemetry
Creating an optimized production build ...
✓ Compiled successfully in 7.7s
Running TypeScript ...
Finished TypeScript in 4.0s ...
Collecting page data using 1 worker ...
Generating static pages using 1 worker (0/7) ...
Generating static pages using 1 worker (1/7)
Generating static pages using 1 worker (3/7)
Generating static pages using 1 worker (5/7)
✓ Generating static pages using 1 worker (7/7) in 278ms
Finalizing page optimization ...
Running onBuildComplete from Vercel
Route (app)
┌ ○ /
├ ○ /_not-found
├ ƒ /api/league
├ ƒ /api/live
├ ƒ /api/protocol
├ ƒ /api/synthetic-evidence
├ ○ /create
├ ○ /league
├ ○ /predictions
├ ƒ /rounds/[id]
└ ƒ /rounds/[id]/result
○  (Static)   prerendered as static content
ƒ  (Dynamic)  server-rendered on demand
Build Completed in /vercel/output [32s]
Deploying outputs...
[2K[1A[2K[G  Production      https://bullseye-genlayer-bwkmzyfyf-wattxs-projects.vercel.app
Completing…
▲ Aliased         https://bullseye-genlayer.vercel.app
{
  "status": "ok",
  "deployment": {
    "id": "dpl_FvC9W6GNSz8AD8hD7TT3iHnN45up",
    "url": "https://bullseye-genlayer-bwkmzyfyf-wattxs-projects.vercel.app",
    "inspectorUrl": "https://vercel.com/wattxs-projects/bullseye-genlayer/FvC9W6GNSz8AD8hD7TT3iHnN45up",
    "readyState": "READY",
    "target": "production",
    "deploymentApiUrl": "https://api.vercel.com/v13/deployments/dpl_FvC9W6GNSz8AD8hD7TT3iHnN45up"
  },
  "message": "Deployment bullseye-genlayer-bwkmzyfyf-wattxs-projects.vercel.app ready.",
  "hint": "This is the project’s first deployment, so it was assigned to production. Future deployments will be preview deployments unless you use --prod.",
  "next": [
    {
      "command": "vercel curl https://bullseye-genlayer-bwkmzyfyf-wattxs-projects.vercel.app",
      "when": "Verify deployment, including when Deployment Protection is enabled"
    },
    {
      "command": "vercel inspect bullseye-genlayer-bwkmzyfyf-wattxs-projects.vercel.app --cwd C:\\Users\\User\\Desktop\\Genlayer apps\\bullseye\\release-preview",
      "when": "Inspect deployment"
    }
  ]
}
╭──────────────────────────────────────────────────────────────────────────────╮
│                                                                              │
│                     Update available! v59.5.0 ≫ v62.1.0                      │
│   Changelog: https://github.com/vercel/vercel/releases/tag/vercel%4062.1.0   │
│                   Run `npm i -g vercel@latest` to update.                    │
│                                                                              │
╰──────────────────────────────────────────────────────────────────────────────╯
